#-----------------------------------------------------------
# Vivado v2017.4.op (64-bit)
# SW Build 2193837 on Tue Apr 10 18:06:59 MDT 2018
# IP Build 2189296 on Tue Apr 10 19:39:46 MDT 2018
# Start of session at: Thu Jun 21 20:03:16 2018
# Process ID: 2906
# Current directory: /home/centos/src/project_data/SDAccel_Examples_100_optimized/getting_started/host/helloworld_c/_xocc_compile_vadd_vadd.hw.xilinx_aws-vu9p-f1_dynamic_5_0.dir/impl/kernels/vadd/vadd/solution_OCL_REGION_0/impl/ip
# Command line: vivado -notrace -mode batch -source run_ippack.tcl
# Log file: /home/centos/src/project_data/SDAccel_Examples_100_optimized/getting_started/host/helloworld_c/_xocc_compile_vadd_vadd.hw.xilinx_aws-vu9p-f1_dynamic_5_0.dir/impl/kernels/vadd/vadd/solution_OCL_REGION_0/impl/ip/vivado.log
# Journal file: /home/centos/src/project_data/SDAccel_Examples_100_optimized/getting_started/host/helloworld_c/_xocc_compile_vadd_vadd.hw.xilinx_aws-vu9p-f1_dynamic_5_0.dir/impl/kernels/vadd/vadd/solution_OCL_REGION_0/impl/ip/vivado.jou
#-----------------------------------------------------------
source run_ippack.tcl -notrace
